// Jest Snapshot v1, https://goo.gl/fbAQLP

exports[`PasswordStrength should match snapshot 1`] = `
<DocumentFragment>
  <div
    class="bar relative w-4/9 mb-1"
  >
    <p
      class="bar__label top-10- text-osloGray"
    />
    <div
      class="bar__back rounded"
    />
    <div
      class="bar__cover rounded-r absolute bg-white opacity-75 h-full bottom-0 right-0 w-50"
      data-testid="passwordStrength"
      style="width: 100%;"
    />
  </div>
</DocumentFragment>
`;
