// Jest Snapshot v1, https://goo.gl/fbAQLP

exports[`LoggedOutLinks should match snapshot 1`] = `
<DocumentFragment>
  <div
    class="uppercase flex"
  >
    <a
      aria-current="page"
      class="text-osloGray hover:text-malachite flex self-center cursor-pointer sm:mr-10 mr-4 link--active"
      href="/"
    >
      Logowanie
    </a>
    <a
      class="text-osloGray hover:text-malachite flex self-center cursor-pointer"
      href="/register"
    >
      Rejestracja
    </a>
  </div>
</DocumentFragment>
`;
