// Jest Snapshot v1, https://goo.gl/fbAQLP

exports[`CreatorPreview should match snapshot 1`] = `
<DocumentFragment>
  <div
    class="preview preview__background w-full md:w-2/3 border border-mercury relative"
  >
    <div
      class="flex cursor-pointer text-center absolute top-10 right-20"
    >
      <button
        class="sideBtn border-2 bg-white border-gullGray"
        data-testid="previewSwitcher3d"
      >
        3D
      </button>
      <button
        class="sideBtn border bg-botticelli opacity-75 border-gullGray"
        data-testid="previewSwitcher2d"
      >
        2D
      </button>
    </div>
    <div
      class="city__window absolute flex"
    >
      <div
        class="overflow-hidden absolute w-full h-full"
      >
        <img
          alt="city"
          class="city__background absolute bottom-0"
          src="city.jpg"
        />
      </div>
      <div>
        <div
          class="ruler--vertical absolute -left-30 md:-left-40 h-full border-t-2 border-scorpion border-b-2"
        >
          <div
            class="ruler__counter absolute top-half left-half border bg-white text-center"
          >
            <span>
              230
            </span>
          </div>
          <div
            class="bar--vertical h-full bg-scorpion mx-auto"
          />
        </div>
        <div
          class="ruler--horizontal absolute -top-25 md:-top-40 w-full border-l-2 border-scorpion border-r-2"
        >
          <div
            class="ruler__counter absolute top-half left-half border bg-white text-center"
          >
            <span>
              220
            </span>
          </div>
          <div
            class="bar--horizontal w-full bg-scorpion"
          />
        </div>
        <div
          class="flex"
        >
          <div
            class="ruler--horizontal absolute -bottom-25 md:-bottom-40 w-1/2 border-l-2 border-scorpion border-r-2"
          >
            <div
              class="ruler__counter absolute top-half left-half border bg-white text-center"
            >
              <span>
                110
              </span>
            </div>
            <div
              class="bar--horizontal w-full bg-scorpion"
            />
          </div>
          <div
            class="ruler--horizontal absolute -bottom-25 md:-bottom-40 w-1/2 right-0 border-l-2 border-scorpion border-r-2"
          >
            <div
              class="ruler__counter absolute top-half left-half border bg-white text-center"
            >
              <span>
                110
              </span>
            </div>
            <div
              class="bar--horizontal w-full bg-scorpion"
            />
          </div>
        </div>
      </div>
      <div
        class="h-full z-20"
        style="width: 110px; height: 230px;"
      >
        <table
          class="window w-full h-full"
          style="border-color: #000;"
        >
          <tbody>
            <tr
              class="window__rows"
              style="border-color: #000;"
            >
              <td
                class="window__columns"
                style="border-color: #000;"
              >
                 
              </td>
            </tr>
          </tbody>
        </table>
      </div>
      <div
        class="h-full z-20"
        style="width: 110px; height: 230px;"
      >
        <table
          class="window w-full h-full"
          style="border-color: #000;"
        >
          <tbody>
            <tr
              class="window__rows"
              style="border-color: #000;"
            >
              <td
                class="window__columns"
                style="border-color: #000;"
              >
                 
              </td>
            </tr>
          </tbody>
        </table>
      </div>
    </div>
  </div>
</DocumentFragment>
`;
